<?xml version="1.0" encoding="utf-8"?><testsuites><testsuite name="pytest" errors="0" failures="0" skipped="0" tests="0" time="2.646" timestamp="2023-07-31T07:43:33.798217" hostname="LAPTOP-E8PEALEA" /></testsuites>